// Jest Snapshot v1, https://goo.gl/fbAQLP

exports[`App component renders App 1`] = `
<DocumentFragment>
  <h1>
    Starfleet API Databank
  </h1>
  <div
    class="headerThemeSpace"
  >
    <section>
      <div>
        <h4>
          Use the menu below to select a visual theme:
        </h4>
        <select
          id="themes"
          name="themes"
        >
          <option
            value="space"
          >
            Space
          </option>
          <option
            value="earth"
          >
            Earth
          </option>
          <option
            value="vulcan"
          >
            Vulcan
          </option>
        </select>
      </div>
      <figure>
        <img
          height="40px"
          src="https://i.stack.imgur.com/mVOSg.gif"
        />
      </figure>
    </section>
  </div>
  <h2>
    Loading...
  </h2>
</DocumentFragment>
`;
